2026-08-15T20:53:41: PM2 log: ===============================================================================
2026-08-15T20:53:41: PM2 log: --- New PM2 Daemon started ----------------------------------------------------
2026-08-15T20:53:41: PM2 log: Time                 : Sat Aug 15 2026 20:53:41 GMT+0000 (Coordinated Universal Time)
2026-08-15T20:53:41: PM2 log: PM2 version          : 7.0.3
2026-08-15T20:53:41: PM2 log: Node.js version      : 25.9.0
2026-08-15T20:53:41: PM2 log: Current arch         : x64
2026-08-15T20:53:41: PM2 log: PM2 home             : /home/rapha_rudnik/.pm2
2026-08-15T20:53:41: PM2 log: PM2 PID file         : /home/rapha_rudnik/.pm2/pm2.pid
2026-08-15T20:53:41: PM2 log: RPC socket file      : /home/rapha_rudnik/.pm2/rpc.sock
2026-08-15T20:53:41: PM2 log: BUS socket file      : /home/rapha_rudnik/.pm2/pub.sock
2026-08-15T20:53:41: PM2 log: Application log path : /home/rapha_rudnik/.pm2/logs
2026-08-15T20:53:41: PM2 log: Worker Interval      : 30000
2026-08-15T20:53:41: PM2 log: Process dump file    : /home/rapha_rudnik/.pm2/dump.pm2
2026-08-15T20:53:41: PM2 log: Concurrent actions   : 2
2026-08-15T20:53:41: PM2 log: SIGTERM timeout      : 1600
2026-08-15T20:53:41: PM2 log: Runtime Binary       : /usr/bin/node
2026-08-15T20:53:41: PM2 log: ===============================================================================
2026-08-15T20:53:41: PM2 log: App [app:0] starting in -fork mode-
2026-08-15T20:53:41: PM2 log: App [app:0] online
2026-08-15T22:04:13: PM2 log: App [backend:1] starting in -fork mode-
2026-08-15T22:04:13: PM2 log: App [backend:1] online
2026-08-15T22:16:31: PM2 log: Stopping app:app id:0
2026-08-15T22:16:31: PM2 log: App [app:0] exited with code [0] via signal [SIGINT]
2026-08-15T22:16:31: PM2 log: pid=150276 msg=process tree killed (1 pids)
2026-08-15T22:20:42: PM2 log: Stopping app:backend id:1
2026-08-15T22:20:42: PM2 log: App [backend:1] exited with code [0] via signal [SIGINT]
2026-08-15T22:20:42: PM2 log: pid=153047 msg=process tree killed (1 pids)
2026-08-15T22:20:42: PM2 log: App [backend:1] starting in -fork mode-
2026-08-15T22:20:42: PM2 log: App [backend:1] online
2026-08-15T23:08:22: PM2 log: Stopping app:backend id:1
2026-08-15T23:08:22: PM2 log: App [backend:1] exited with code [0] via signal [SIGINT]
2026-08-15T23:08:22: PM2 log: pid=153622 msg=process tree killed (1 pids)
2026-08-15T23:08:22: PM2 log: App [backend:1] starting in -fork mode-
2026-08-15T23:08:22: PM2 log: App [backend:1] online
2026-08-16T18:26:00: PM2 log: Stopping app:backend id:1
2026-08-16T18:26:00: PM2 log: App [backend:1] exited with code [0] via signal [SIGINT]
2026-08-16T18:26:00: PM2 log: pid=156195 msg=process tree killed (1 pids)
