0 verbose cli /usr/bin/node /usr/bin/npm
1 info using npm@11.12.1
2 info using node@v25.9.0
3 silly config load:file:/usr/lib/node_modules/npm/npmrc
4 silly config load:file:/home/rapha_rudnik/.npmrc
5 silly config load:file:/usr/etc/npmrc
6 verbose title npm init
7 verbose argv "init" "--yes"
8 verbose logfile logs-max:10 dir:/home/rapha_rudnik/.npm/_logs/2026-08-15T17_53_22_370Z-
9 verbose logfile /home/rapha_rudnik/.npm/_logs/2026-08-15T17_53_22_370Z-debug-0.log
10 silly logfile done cleaning log files
11 silly package data {
11 silly package data   name: 'rapha_rudnik',
11 silly package data   version: '1.0.0',
11 silly package data   description: '',
11 silly package data   main: 'index.js',
11 silly package data   scripts: { test: 'echo "Error: no test specified" && exit 1' },
11 silly package data   repository: {
11 silly package data     type: 'git',
11 silly package data     url: 'git+https://github.com/rapharudnik/back-end_project.git'
11 silly package data   },
11 silly package data   keywords: [],
11 silly package data   author: '',
11 silly package data   license: 'ISC',
11 silly package data   type: 'commonjs',
11 silly package data   bugs: { url: 'https://github.com/rapharudnik/back-end_project/issues' },
11 silly package data   homepage: 'https://github.com/rapharudnik/back-end_project#readme'
11 silly package data }
12 verbose cwd /home/rapha_rudnik
13 verbose os Linux 6.12.100+deb13-cloud-amd64
14 verbose node v25.9.0
15 verbose npm  v11.12.1
16 verbose exit 0
17 info ok
