0 verbose cli /usr/bin/node /usr/bin/npm
1 info using npm@11.12.1
2 info using node@v25.9.0
3 silly config load:file:/usr/lib/node_modules/npm/npmrc
4 silly config load:file:/home/rapha_rudnik/.npmrc
5 silly config load:file:/usr/etc/npmrc
6 verbose title npm run start
7 verbose argv "run" "start"
8 verbose logfile logs-max:10 dir:/home/rapha_rudnik/.npm/_logs/2026-08-15T18_02_36_352Z-
9 verbose logfile /home/rapha_rudnik/.npm/_logs/2026-08-15T18_02_36_352Z-debug-0.log
10 silly logfile done cleaning log files
11 verbose stack Error: Missing script: "start"
11 verbose stack
11 verbose stack Did you mean one of these?
11 verbose stack   npm star # Mark your favorite packages
11 verbose stack   npm stars # View packages marked as favorites
11 verbose stack
11 verbose stack To see a list of scripts, run:
11 verbose stack   npm run
11 verbose stack     at #run (/usr/lib/node_modules/npm/lib/commands/run.js:115:13)
11 verbose stack     at async RunScript.exec (/usr/lib/node_modules/npm/lib/commands/run.js:44:7)
11 verbose stack     at async Npm.exec (/usr/lib/node_modules/npm/lib/npm.js:193:9)
11 verbose stack     at async module.exports (/usr/lib/node_modules/npm/lib/cli/entry.js:67:5)
12 error Missing script: "start"
12 error
12 error Did you mean one of these?
12 error   npm star # Mark your favorite packages
12 error   npm stars # View packages marked as favorites
12 error
12 error To see a list of scripts, run:
12 error   npm run
13 verbose cwd /home/rapha_rudnik
14 verbose os Linux 6.12.100+deb13-cloud-amd64
15 verbose node v25.9.0
16 verbose npm  v11.12.1
17 verbose exit 1
18 verbose code 1
19 error A complete log of this run can be found in: /home/rapha_rudnik/.npm/_logs/2026-08-15T18_02_36_352Z-debug-0.log
