0 verbose cli /usr/bin/node /usr/bin/npm
1 info using npm@11.12.1
2 info using node@v25.9.0
3 silly config load:file:/usr/lib/node_modules/npm/npmrc
4 silly config load:file:/home/rapha_rudnik/.npmrc
5 silly config load:file:/usr/etc/npmrc
6 verbose title npm install
7 verbose argv "install"
8 verbose logfile logs-max:10 dir:/home/rapha_rudnik/.npm/_logs/2026-08-15T18_02_05_920Z-
9 verbose logfile /home/rapha_rudnik/.npm/_logs/2026-08-15T18_02_05_920Z-debug-0.log
10 silly logfile done cleaning log files
11 silly packumentCache heap:556269568 maxSize:139067392 maxEntrySize:69533696
12 silly idealTree buildDeps
13 silly reify moves {}
14 silly audit report null
15 verbose cwd /home/rapha_rudnik
16 verbose os Linux 6.12.100+deb13-cloud-amd64
17 verbose node v25.9.0
18 verbose npm  v11.12.1
19 verbose exit 0
20 info ok
