0 verbose cli /usr/bin/node /usr/bin/npm
1 info using npm@11.12.1
2 info using node@v25.9.0
3 silly config load:file:/usr/lib/node_modules/npm/npmrc
4 silly config load:file:/home/rapha_rudnik/.npmrc
5 silly config load:file:/usr/etc/npmrc
6 verbose title npm install
7 verbose argv "install"
8 verbose logfile logs-max:10 dir:/home/rapha_rudnik/.npm/_logs/2026-08-14T12_32_12_496Z-
9 verbose logfile /home/rapha_rudnik/.npm/_logs/2026-08-14T12_32_12_496Z-debug-0.log
10 silly logfile done cleaning log files
11 silly packumentCache heap:556269568 maxSize:139067392 maxEntrySize:69533696
12 silly idealTree buildDeps
13 silly reify moves {}
14 verbose stack Error: Could not read package.json: Error: ENOENT: no such file or directory, open '/home/rapha_rudnik/package.json'
14 verbose stack     at async open (node:internal/fs/promises:1281:25)
14 verbose stack     at async readFile (node:internal/fs/promises:1929:14)
14 verbose stack     at async read (/usr/lib/node_modules/npm/node_modules/@npmcli/package-json/lib/read-package.js:9:18)
14 verbose stack     at async PackageJson.load (/usr/lib/node_modules/npm/node_modules/@npmcli/package-json/lib/index.js:131:31)
14 verbose stack     at async PackageJson.normalize (/usr/lib/node_modules/npm/node_modules/@npmcli/package-json/lib/index.js:117:5)
14 verbose stack     at async runScript (/usr/lib/node_modules/npm/node_modules/@npmcli/run-script/lib/run-script.js:11:28)
14 verbose stack     at async Install.exec (/usr/lib/node_modules/npm/lib/commands/install.js:159:9)
14 verbose stack     at async Npm.exec (/usr/lib/node_modules/npm/lib/npm.js:193:9)
14 verbose stack     at async module.exports (/usr/lib/node_modules/npm/lib/cli/entry.js:67:5)
15 error code ENOENT
16 error syscall open
17 error path /home/rapha_rudnik/package.json
18 error errno -2
19 error enoent Could not read package.json: Error: ENOENT: no such file or directory, open '/home/rapha_rudnik/package.json'
20 error enoent This is related to npm not being able to find a file.
20 error enoent
21 verbose cwd /home/rapha_rudnik
22 verbose os Linux 6.12.100+deb13-cloud-amd64
23 verbose node v25.9.0
24 verbose npm  v11.12.1
25 verbose exit -2
26 verbose code -2
27 error A complete log of this run can be found in: /home/rapha_rudnik/.npm/_logs/2026-08-14T12_32_12_496Z-debug-0.log
